2024.08.22 12:19:36 INFO  Started: Metals version 1.3.5 in folders '/home/mohammad/Downloads/Telegram Desktop/cleanup-service' for client Visual Studio Code 1.90.2.
SLF4J(W): Class path contains multiple SLF4J providers.
SLF4J(W): Found provider [scribe.slf4j.ScribeServiceProvider@5d2b99d4]
SLF4J(W): Found provider [ch.qos.logback.classic.spi.LogbackServiceProvider@775c774d]
SLF4J(W): See https://www.slf4j.org/codes.html#multiple_bindings for an explanation.
SLF4J(I): Actual provider is of type [scribe.slf4j.ScribeServiceProvider@5d2b99d4]
2024.08.22 12:19:37 WARN  Flyway upgrade recommended: H2 2.3.230 is newer than this version of Flyway and support has not been tested. The latest supported version of H2 is 2.2.220.
2024.08.22 12:20:24 INFO  no build target found for /home/mohammad/Downloads/Telegram Desktop/cleanup-service/src/main/scala/network/Client.scala. Using presentation compiler with project's scala-library version: 3.3.3
2024.08.22 12:20:25 INFO  no build target found for /home/mohammad/Downloads/Telegram Desktop/cleanup-service/src/main/scala/network/Client.scala. Using presentation compiler with project's scala-library version: 3.3.3
2024.08.22 12:20:27 INFO  no build target found for /home/mohammad/Downloads/Telegram Desktop/cleanup-service/src/main/scala/network/Client.scala. Using presentation compiler with project's scala-library version: 3.3.3
2024.08.22 12:20:32 INFO  no build target found for /home/mohammad/Downloads/Telegram Desktop/cleanup-service/src/main/scala/network/Client.scala. Using presentation compiler with project's scala-library version: 3.3.3
2024.08.22 12:20:33 INFO  no build target found for /home/mohammad/Downloads/Telegram Desktop/cleanup-service/src/main/scala/models/Models.scala. Using presentation compiler with project's scala-library version: 3.3.3
2024.08.22 12:20:34 INFO  no build target found for /home/mohammad/Downloads/Telegram Desktop/cleanup-service/src/main/scala/models/Models.scala. Using presentation compiler with project's scala-library version: 3.3.3
2024.08.22 12:20:36 INFO  no build target found for /home/mohammad/Downloads/Telegram Desktop/cleanup-service/src/main/scala/models/Models.scala. Using presentation compiler with project's scala-library version: 3.3.3
2024.08.22 12:20:38 INFO  no build target found for /home/mohammad/Downloads/Telegram Desktop/cleanup-service/src/main/scala/models/Models.scala. Using presentation compiler with project's scala-library version: 3.3.3
2024.08.22 12:20:39 WARN  no build target for: /home/mohammad/Downloads/Telegram Desktop/cleanup-service/src/main/scala/models/Models.scala
2024.08.22 12:20:39 INFO  no build target found for /home/mohammad/Downloads/Telegram Desktop/cleanup-service/src/main/scala/models/Models.scala. Using presentation compiler with project's scala-library version: 3.3.3
2024.08.22 12:20:39 INFO  no build target found for /home/mohammad/Downloads/Telegram Desktop/cleanup-service/src/main/scala/models/Models.scala. Using presentation compiler with project's scala-library version: 3.3.3
2024.08.22 12:20:39 INFO  no build target found for /home/mohammad/Downloads/Telegram Desktop/cleanup-service/src/main/scala/models/Models.scala. Using presentation compiler with project's scala-library version: 3.3.3
2024.08.22 12:20:41 INFO  no build target found for /home/mohammad/Downloads/Telegram Desktop/cleanup-service/src/main/scala/models/Models.scala. Using presentation compiler with project's scala-library version: 3.3.3
2024.08.22 12:20:41 INFO  no build target found for /home/mohammad/Downloads/Telegram Desktop/cleanup-service/src/main/scala/models/Models.scala. Using presentation compiler with project's scala-library version: 3.3.3
2024.08.22 12:20:41 INFO  no build target found for /home/mohammad/Downloads/Telegram Desktop/cleanup-service/src/main/scala/models/Models.scala. Using presentation compiler with project's scala-library version: 3.3.3
2024.08.22 12:20:41 INFO  no build target found for /home/mohammad/Downloads/Telegram Desktop/cleanup-service/src/main/scala/models/Models.scala. Using presentation compiler with project's scala-library version: 3.3.3
2024.08.22 12:20:43 INFO  no build target found for /home/mohammad/Downloads/Telegram Desktop/cleanup-service/src/main/scala/models/Models.scala. Using presentation compiler with project's scala-library version: 3.3.3
2024.08.22 12:20:43 INFO  no build target found for /home/mohammad/Downloads/Telegram Desktop/cleanup-service/src/main/scala/models/Models.scala. Using presentation compiler with project's scala-library version: 3.3.3
2024.08.22 12:20:44 INFO  no build target found for /home/mohammad/Downloads/Telegram Desktop/cleanup-service/src/main/scala/models/Models.scala. Using presentation compiler with project's scala-library version: 3.3.3
2024.08.22 12:20:44 WARN  no build target for: /home/mohammad/Downloads/Telegram Desktop/cleanup-service/src/main/scala/models/Models.scala
2024.08.22 12:20:43 INFO  no build target found for /home/mohammad/Downloads/Telegram Desktop/cleanup-service/src/main/scala/models/Models.scala. Using presentation compiler with project's scala-library version: 3.3.3
2024.08.22 12:20:44 INFO  no build target found for /home/mohammad/Downloads/Telegram Desktop/cleanup-service/src/main/scala/models/Models.scala. Using presentation compiler with project's scala-library version: 3.3.3
2024.08.22 12:20:45 INFO  no build target found for /home/mohammad/Downloads/Telegram Desktop/cleanup-service/src/main/scala/models/Models.scala. Using presentation compiler with project's scala-library version: 3.3.3
2024.08.22 12:20:45 INFO  no build target found for /home/mohammad/Downloads/Telegram Desktop/cleanup-service/src/main/scala/models/Models.scala. Using presentation compiler with project's scala-library version: 3.3.3
2024.08.22 12:20:45 INFO  no build target found for /home/mohammad/Downloads/Telegram Desktop/cleanup-service/src/main/scala/models/Models.scala. Using presentation compiler with project's scala-library version: 3.3.3
2024.08.22 12:20:46 INFO  no build target found for /home/mohammad/Downloads/Telegram Desktop/cleanup-service/src/main/scala/models/Models.scala. Using presentation compiler with project's scala-library version: 3.3.3
2024.08.22 12:20:49 INFO  no build target found for /home/mohammad/Downloads/Telegram Desktop/cleanup-service/src/main/scala/models/Models.scala. Using presentation compiler with project's scala-library version: 3.3.3
2024.08.22 12:20:50 INFO  no build target found for /home/mohammad/Downloads/Telegram Desktop/cleanup-service/src/main/scala/models/Models.scala. Using presentation compiler with project's scala-library version: 3.3.3
2024.08.22 12:20:50 WARN  no build target for: /home/mohammad/Downloads/Telegram Desktop/cleanup-service/src/main/scala/models/Models.scala
2024.08.22 12:20:50 INFO  no build target found for /home/mohammad/Downloads/Telegram Desktop/cleanup-service/src/main/scala/models/Models.scala. Using presentation compiler with project's scala-library version: 3.3.3
2024.08.22 12:20:50 INFO  no build target found for /home/mohammad/Downloads/Telegram Desktop/cleanup-service/src/main/scala/models/Models.scala. Using presentation compiler with project's scala-library version: 3.3.3
2024.08.22 12:20:50 INFO  no build target found for /home/mohammad/Downloads/Telegram Desktop/cleanup-service/src/main/scala/models/Models.scala. Using presentation compiler with project's scala-library version: 3.3.3
2024.08.22 12:20:50 INFO  no build target found for /home/mohammad/Downloads/Telegram Desktop/cleanup-service/src/main/scala/models/Models.scala. Using presentation compiler with project's scala-library version: 3.3.3
Aug 22, 2024 12:20:50 PM org.eclipse.lsp4j.jsonrpc.RemoteEndpoint handleCancellation
WARNING: Unmatched cancel notification for request id 70
2024.08.22 12:20:52 INFO  no build target found for /home/mohammad/Downloads/Telegram Desktop/cleanup-service/src/main/scala/models/Models.scala. Using presentation compiler with project's scala-library version: 3.3.3
2024.08.22 12:20:52 INFO  no build target found for /home/mohammad/Downloads/Telegram Desktop/cleanup-service/src/main/scala/models/Models.scala. Using presentation compiler with project's scala-library version: 3.3.3
2024.08.22 12:20:53 WARN  no build target for: /home/mohammad/Downloads/Telegram Desktop/cleanup-service/src/main/scala/models/Models.scala
2024.08.22 12:20:53 INFO  no build target found for /home/mohammad/Downloads/Telegram Desktop/cleanup-service/src/main/scala/models/Models.scala. Using presentation compiler with project's scala-library version: 3.3.3
2024.08.22 12:20:53 INFO  no build target found for /home/mohammad/Downloads/Telegram Desktop/cleanup-service/src/main/scala/models/Models.scala. Using presentation compiler with project's scala-library version: 3.3.3
2024.08.22 12:20:53 INFO  no build target found for /home/mohammad/Downloads/Telegram Desktop/cleanup-service/src/main/scala/models/Models.scala. Using presentation compiler with project's scala-library version: 3.3.3
2024.08.22 12:20:53 INFO  no build target found for /home/mohammad/Downloads/Telegram Desktop/cleanup-service/src/main/scala/models/Models.scala. Using presentation compiler with project's scala-library version: 3.3.3
2024.08.22 12:20:54 WARN  no build target for: /home/mohammad/Downloads/Telegram Desktop/cleanup-service/src/main/scala/models/Models.scala
2024.08.22 12:20:54 INFO  no build target found for /home/mohammad/Downloads/Telegram Desktop/cleanup-service/src/main/scala/models/Models.scala. Using presentation compiler with project's scala-library version: 3.3.3
2024.08.22 12:20:54 INFO  no build target found for /home/mohammad/Downloads/Telegram Desktop/cleanup-service/src/main/scala/models/Models.scala. Using presentation compiler with project's scala-library version: 3.3.3
2024.08.22 12:20:54 INFO  no build target found for /home/mohammad/Downloads/Telegram Desktop/cleanup-service/src/main/scala/models/Models.scala. Using presentation compiler with project's scala-library version: 3.3.3
2024.08.22 12:20:54 INFO  no build target found for /home/mohammad/Downloads/Telegram Desktop/cleanup-service/src/main/scala/models/Models.scala. Using presentation compiler with project's scala-library version: 3.3.3
2024.08.22 12:20:54 INFO  no build target found for /home/mohammad/Downloads/Telegram Desktop/cleanup-service/src/main/scala/models/Models.scala. Using presentation compiler with project's scala-library version: 3.3.3
2024.08.22 12:20:55 INFO  no build target found for /home/mohammad/Downloads/Telegram Desktop/cleanup-service/src/main/scala/models/Models.scala. Using presentation compiler with project's scala-library version: 3.3.3
2024.08.22 12:20:55 INFO  no build target found for /home/mohammad/Downloads/Telegram Desktop/cleanup-service/src/main/scala/models/Models.scala. Using presentation compiler with project's scala-library version: 3.3.3
2024.08.22 12:20:56 WARN  no build target for: /home/mohammad/Downloads/Telegram Desktop/cleanup-service/src/main/scala/models/Models.scala
2024.08.22 12:20:56 INFO  no build target found for /home/mohammad/Downloads/Telegram Desktop/cleanup-service/src/main/scala/models/Models.scala. Using presentation compiler with project's scala-library version: 3.3.3
2024.08.22 12:20:56 INFO  no build target found for /home/mohammad/Downloads/Telegram Desktop/cleanup-service/src/main/scala/models/Models.scala. Using presentation compiler with project's scala-library version: 3.3.3
2024.08.22 12:20:56 INFO  no build target found for /home/mohammad/Downloads/Telegram Desktop/cleanup-service/src/main/scala/models/Models.scala. Using presentation compiler with project's scala-library version: 3.3.3
2024.08.22 12:21:00 INFO  no build target found for /home/mohammad/Downloads/Telegram Desktop/cleanup-service/src/main/scala/models/Models.scala. Using presentation compiler with project's scala-library version: 3.3.3
2024.08.22 12:21:00 INFO  no build target found for /home/mohammad/Downloads/Telegram Desktop/cleanup-service/src/main/scala/rosen/Main.scala. Using presentation compiler with project's scala-library version: 3.3.3
2024.08.22 12:22:47 INFO  no build target found for /home/mohammad/Downloads/Telegram Desktop/cleanup-service/src/main/scala/rosen/Main.scala. Using presentation compiler with project's scala-library version: 3.3.3
2024.08.22 12:52:21 INFO  no build target found for /home/mohammad/Downloads/Telegram Desktop/cleanup-service/src/main/scala/models/Models.scala. Using presentation compiler with project's scala-library version: 3.3.3
2024.08.22 12:52:21 INFO  no build target found for /home/mohammad/Downloads/Telegram Desktop/cleanup-service/src/main/scala/models/Models.scala. Using presentation compiler with project's scala-library version: 3.3.3
2024.08.22 12:52:21 INFO  no build target found for /home/mohammad/Downloads/Telegram Desktop/cleanup-service/src/main/scala/models/Models.scala. Using presentation compiler with project's scala-library version: 3.3.3
2024.08.22 12:52:23 INFO  no build target found for /home/mohammad/Downloads/Telegram Desktop/cleanup-service/src/main/scala/models/Models.scala. Using presentation compiler with project's scala-library version: 3.3.3
Aug 22, 2024 12:52:23 PM org.eclipse.lsp4j.jsonrpc.RemoteEndpoint handleCancellation
WARNING: Unmatched cancel notification for request id 149
2024.08.22 12:52:29 INFO  no build target found for /home/mohammad/Downloads/Telegram Desktop/cleanup-service/src/main/scala/models/Models.scala. Using presentation compiler with project's scala-library version: 3.3.3
2024.08.22 12:52:29 INFO  no build target found for /home/mohammad/Downloads/Telegram Desktop/cleanup-service/src/main/scala/models/Models.scala. Using presentation compiler with project's scala-library version: 3.3.3
2024.08.22 12:52:29 INFO  no build target found for /home/mohammad/Downloads/Telegram Desktop/cleanup-service/src/main/scala/models/Models.scala. Using presentation compiler with project's scala-library version: 3.3.3
2024.08.22 12:52:30 INFO  no build target found for /home/mohammad/Downloads/Telegram Desktop/cleanup-service/src/main/scala/models/Models.scala. Using presentation compiler with project's scala-library version: 3.3.3
2024.08.22 12:52:30 WARN  no build target for: /home/mohammad/Downloads/Telegram Desktop/cleanup-service/src/main/scala/models/Models.scala
2024.08.22 12:52:30 INFO  no build target found for /home/mohammad/Downloads/Telegram Desktop/cleanup-service/src/main/scala/models/Models.scala. Using presentation compiler with project's scala-library version: 3.3.3
2024.08.22 12:52:30 INFO  no build target found for /home/mohammad/Downloads/Telegram Desktop/cleanup-service/src/main/scala/models/Models.scala. Using presentation compiler with project's scala-library version: 3.3.3
2024.08.22 12:52:33 INFO  no build target found for /home/mohammad/Downloads/Telegram Desktop/cleanup-service/src/main/scala/models/Models.scala. Using presentation compiler with project's scala-library version: 3.3.3
2024.08.22 12:52:33 INFO  no build target found for /home/mohammad/Downloads/Telegram Desktop/cleanup-service/src/main/scala/models/Models.scala. Using presentation compiler with project's scala-library version: 3.3.3
2024.08.22 12:52:34 WARN  no build target for: /home/mohammad/Downloads/Telegram Desktop/cleanup-service/src/main/scala/models/Models.scala
2024.08.22 12:52:34 INFO  no build target found for /home/mohammad/Downloads/Telegram Desktop/cleanup-service/src/main/scala/models/Models.scala. Using presentation compiler with project's scala-library version: 3.3.3
2024.08.22 12:52:33 INFO  no build target found for /home/mohammad/Downloads/Telegram Desktop/cleanup-service/src/main/scala/models/Models.scala. Using presentation compiler with project's scala-library version: 3.3.3
2024.08.22 12:52:35 INFO  no build target found for /home/mohammad/Downloads/Telegram Desktop/cleanup-service/src/main/scala/models/Models.scala. Using presentation compiler with project's scala-library version: 3.3.3
2024.08.22 12:52:38 INFO  no build target found for /home/mohammad/Downloads/Telegram Desktop/cleanup-service/src/main/scala/models/Models.scala. Using presentation compiler with project's scala-library version: 3.3.3
2024.08.22 12:52:38 INFO  no build target found for /home/mohammad/Downloads/Telegram Desktop/cleanup-service/src/main/scala/models/Models.scala. Using presentation compiler with project's scala-library version: 3.3.3
2024.08.22 12:54:54 INFO  no build target found for /home/mohammad/Downloads/Telegram Desktop/cleanup-service/src/main/scala/models/Models.scala. Using presentation compiler with project's scala-library version: 3.3.3
2024.08.22 12:54:54 INFO  no build target found for /home/mohammad/Downloads/Telegram Desktop/cleanup-service/src/main/scala/models/Models.scala. Using presentation compiler with project's scala-library version: 3.3.3
2024.08.22 12:54:55 INFO  no build target found for /home/mohammad/Downloads/Telegram Desktop/cleanup-service/src/main/scala/models/Models.scala. Using presentation compiler with project's scala-library version: 3.3.3
2024.08.22 12:54:55 INFO  no build target found for /home/mohammad/Downloads/Telegram Desktop/cleanup-service/src/main/scala/models/Models.scala. Using presentation compiler with project's scala-library version: 3.3.3
2024.08.22 12:54:55 INFO  no build target found for /home/mohammad/Downloads/Telegram Desktop/cleanup-service/src/main/scala/models/Models.scala. Using presentation compiler with project's scala-library version: 3.3.3
2024.08.22 12:54:58 INFO  no build target found for /home/mohammad/Downloads/Telegram Desktop/cleanup-service/src/main/scala/models/Models.scala. Using presentation compiler with project's scala-library version: 3.3.3
2024.08.22 12:54:58 INFO  no build target found for /home/mohammad/Downloads/Telegram Desktop/cleanup-service/src/main/scala/models/Models.scala. Using presentation compiler with project's scala-library version: 3.3.3
2024.08.22 12:54:58 INFO  no build target found for /home/mohammad/Downloads/Telegram Desktop/cleanup-service/src/main/scala/models/Models.scala. Using presentation compiler with project's scala-library version: 3.3.3
2024.08.22 12:54:59 INFO  no build target found for /home/mohammad/Downloads/Telegram Desktop/cleanup-service/src/main/scala/models/Models.scala. Using presentation compiler with project's scala-library version: 3.3.3
2024.08.22 12:54:59 INFO  no build target found for /home/mohammad/Downloads/Telegram Desktop/cleanup-service/src/main/scala/models/Models.scala. Using presentation compiler with project's scala-library version: 3.3.3
2024.08.22 12:54:59 INFO  no build target found for /home/mohammad/Downloads/Telegram Desktop/cleanup-service/src/main/scala/models/Models.scala. Using presentation compiler with project's scala-library version: 3.3.3
2024.08.22 12:55:00 INFO  no build target found for /home/mohammad/Downloads/Telegram Desktop/cleanup-service/src/main/scala/models/Models.scala. Using presentation compiler with project's scala-library version: 3.3.3
2024.08.22 12:55:00 INFO  no build target found for /home/mohammad/Downloads/Telegram Desktop/cleanup-service/src/main/scala/models/Models.scala. Using presentation compiler with project's scala-library version: 3.3.3
2024.08.22 12:55:03 INFO  no build target found for /home/mohammad/Downloads/Telegram Desktop/cleanup-service/src/main/scala/models/Models.scala. Using presentation compiler with project's scala-library version: 3.3.3
2024.08.22 12:55:47 INFO  no build target found for /home/mohammad/Downloads/Telegram Desktop/cleanup-service/src/main/scala/models/Models.scala. Using presentation compiler with project's scala-library version: 3.3.3
2024.08.22 12:55:47 INFO  no build target found for /home/mohammad/Downloads/Telegram Desktop/cleanup-service/src/main/scala/models/Models.scala. Using presentation compiler with project's scala-library version: 3.3.3
Aug 22, 2024 12:55:50 PM org.eclipse.lsp4j.jsonrpc.services.GenericEndpoint notify
INFO: Unsupported notification method: $/setTrace
2024.08.22 12:55:51 INFO  no build target found for /home/mohammad/Downloads/Telegram Desktop/cleanup-service/src/main/scala/rosen/Main.scala. Using presentation compiler with project's scala-library version: 3.3.3
2024.08.22 12:55:51 INFO  no build target found for /home/mohammad/Downloads/Telegram Desktop/cleanup-service/src/main/scala/models/Models.scala. Using presentation compiler with project's scala-library version: 3.3.3
2024.08.22 12:55:51 INFO  no build target found for /home/mohammad/Downloads/Telegram Desktop/cleanup-service/src/main/scala/models/Models.scala. Using presentation compiler with project's scala-library version: 3.3.3
2024.08.22 12:55:53 INFO  no build target found for /home/mohammad/Downloads/Telegram Desktop/cleanup-service/src/main/scala/helpers/Configs.scala. Using presentation compiler with project's scala-library version: 3.3.3
2024.08.22 12:55:53 INFO  no build target found for /home/mohammad/Downloads/Telegram Desktop/cleanup-service/src/main/scala/helpers/Configs.scala. Using presentation compiler with project's scala-library version: 3.3.3
2024.08.22 12:55:53 INFO  no build target found for /home/mohammad/Downloads/Telegram Desktop/cleanup-service/src/main/scala/models/Models.scala. Using presentation compiler with project's scala-library version: 3.3.3
2024.08.22 12:55:53 INFO  no build target found for /home/mohammad/Downloads/Telegram Desktop/cleanup-service/src/main/scala/models/Models.scala. Using presentation compiler with project's scala-library version: 3.3.3
2024.08.22 12:55:54 INFO  no build target found for /home/mohammad/Downloads/Telegram Desktop/cleanup-service/src/main/scala/models/Models.scala. Using presentation compiler with project's scala-library version: 3.3.3
2024.08.22 12:55:58 INFO  no build target found for /home/mohammad/Downloads/Telegram Desktop/cleanup-service/src/main/scala/models/Models.scala. Using presentation compiler with project's scala-library version: 3.3.3
2024.08.22 12:55:58 INFO  no build target found for /home/mohammad/Downloads/Telegram Desktop/cleanup-service/src/main/scala/models/Models.scala. Using presentation compiler with project's scala-library version: 3.3.3
2024.08.22 12:56:00 INFO  no build target found for /home/mohammad/Downloads/Telegram Desktop/cleanup-service/src/main/scala/network/Client.scala. Using presentation compiler with project's scala-library version: 3.3.3
2024.08.22 12:56:04 INFO  no build target found for /home/mohammad/Downloads/Telegram Desktop/cleanup-service/src/main/scala/network/Client.scala. Using presentation compiler with project's scala-library version: 3.3.3
2024.08.22 12:56:04 INFO  no build target found for /home/mohammad/Downloads/Telegram Desktop/cleanup-service/src/main/scala/models/Models.scala. Using presentation compiler with project's scala-library version: 3.3.3
2024.08.22 12:56:04 INFO  no build target found for /home/mohammad/Downloads/Telegram Desktop/cleanup-service/src/main/scala/models/Models.scala. Using presentation compiler with project's scala-library version: 3.3.3
2024.08.22 12:56:05 INFO  no build target found for /home/mohammad/Downloads/Telegram Desktop/cleanup-service/src/main/scala/rosen/bridge/Contracts.scala. Using presentation compiler with project's scala-library version: 3.3.3
2024.08.22 12:56:14 INFO  no build target found for /home/mohammad/Downloads/Telegram Desktop/cleanup-service/src/main/scala/rosen/bridge/Contracts.scala. Using presentation compiler with project's scala-library version: 3.3.3
2024.08.22 12:56:14 INFO  no build target found for /home/mohammad/Downloads/Telegram Desktop/cleanup-service/src/main/scala/models/Models.scala. Using presentation compiler with project's scala-library version: 3.3.3
2024.08.22 12:56:14 INFO  no build target found for /home/mohammad/Downloads/Telegram Desktop/cleanup-service/src/main/scala/models/Models.scala. Using presentation compiler with project's scala-library version: 3.3.3
2024.08.22 12:56:16 INFO  no build target found for /home/mohammad/Downloads/Telegram Desktop/cleanup-service/src/main/scala/rosen/bridge/Scripts.scala. Using presentation compiler with project's scala-library version: 3.3.3
2024.08.22 12:56:20 INFO  no build target found for /home/mohammad/Downloads/Telegram Desktop/cleanup-service/src/main/scala/rosen/bridge/Scripts.scala. Using presentation compiler with project's scala-library version: 3.3.3
2024.08.22 12:56:20 INFO  no build target found for /home/mohammad/Downloads/Telegram Desktop/cleanup-service/src/main/scala/models/Models.scala. Using presentation compiler with project's scala-library version: 3.3.3
2024.08.22 12:56:20 INFO  no build target found for /home/mohammad/Downloads/Telegram Desktop/cleanup-service/src/main/scala/models/Models.scala. Using presentation compiler with project's scala-library version: 3.3.3
2024.08.22 12:56:21 INFO  no build target found for /home/mohammad/Downloads/Telegram Desktop/cleanup-service/src/main/scala/rosen/cleanup/Transactions.scala. Using presentation compiler with project's scala-library version: 3.3.3
2024.08.22 12:56:26 INFO  no build target found for /home/mohammad/Downloads/Telegram Desktop/cleanup-service/src/main/scala/models/Models.scala. Using presentation compiler with project's scala-library version: 3.3.3
2024.08.22 12:56:26 INFO  no build target found for /home/mohammad/Downloads/Telegram Desktop/cleanup-service/src/main/scala/models/Models.scala. Using presentation compiler with project's scala-library version: 3.3.3
2024.08.22 12:56:26 INFO  no build target found for /home/mohammad/Downloads/Telegram Desktop/cleanup-service/src/main/scala/models/Models.scala. Using presentation compiler with project's scala-library version: 3.3.3
2024.08.22 12:56:53 INFO  no build target found for /home/mohammad/Downloads/Telegram Desktop/cleanup-service/src/main/scala/models/Models.scala. Using presentation compiler with project's scala-library version: 3.3.3
2024.08.22 12:57:11 INFO  no build target found for /home/mohammad/Downloads/Telegram Desktop/cleanup-service/src/main/scala/models/Models.scala. Using presentation compiler with project's scala-library version: 3.3.3
2024.08.22 12:57:12 WARN  no build target for: /home/mohammad/Downloads/Telegram Desktop/cleanup-service/src/main/scala/models/Models.scala
2024.08.22 12:57:12 INFO  no build target found for /home/mohammad/Downloads/Telegram Desktop/cleanup-service/src/main/scala/models/Models.scala. Using presentation compiler with project's scala-library version: 3.3.3
2024.08.22 12:57:13 WARN  no build target for: /home/mohammad/Downloads/Telegram Desktop/cleanup-service/src/main/scala/models/Models.scala
2024.08.22 12:57:13 INFO  no build target found for /home/mohammad/Downloads/Telegram Desktop/cleanup-service/src/main/scala/models/Models.scala. Using presentation compiler with project's scala-library version: 3.3.3
2024.08.22 12:57:13 WARN  no build target for: /home/mohammad/Downloads/Telegram Desktop/cleanup-service/src/main/scala/models/Models.scala
2024.08.22 12:57:13 INFO  no build target found for /home/mohammad/Downloads/Telegram Desktop/cleanup-service/src/main/scala/models/Models.scala. Using presentation compiler with project's scala-library version: 3.3.3
2024.08.22 12:57:14 INFO  no build target found for /home/mohammad/Downloads/Telegram Desktop/cleanup-service/src/main/scala/models/Models.scala. Using presentation compiler with project's scala-library version: 3.3.3
2024.08.22 12:57:14 INFO  no build target found for /home/mohammad/Downloads/Telegram Desktop/cleanup-service/src/main/scala/models/Models.scala. Using presentation compiler with project's scala-library version: 3.3.3
2024.08.22 12:57:14 INFO  no build target found for /home/mohammad/Downloads/Telegram Desktop/cleanup-service/src/main/scala/models/Models.scala. Using presentation compiler with project's scala-library version: 3.3.3
2024.08.22 12:57:15 INFO  no build target found for /home/mohammad/Downloads/Telegram Desktop/cleanup-service/src/main/scala/models/Models.scala. Using presentation compiler with project's scala-library version: 3.3.3
2024.08.22 12:57:15 INFO  no build target found for /home/mohammad/Downloads/Telegram Desktop/cleanup-service/src/main/scala/models/Models.scala. Using presentation compiler with project's scala-library version: 3.3.3
2024.08.22 12:57:15 INFO  no build target found for /home/mohammad/Downloads/Telegram Desktop/cleanup-service/src/main/scala/models/Models.scala. Using presentation compiler with project's scala-library version: 3.3.3
2024.08.22 13:01:33 INFO  no build target found for /home/mohammad/Downloads/Telegram Desktop/cleanup-service/src/main/scala/rosen/cleanup/Transactions.scala. Using presentation compiler with project's scala-library version: 3.3.3
2024.08.22 13:01:33 INFO  no build target found for /home/mohammad/Downloads/Telegram Desktop/cleanup-service/src/main/scala/models/Models.scala. Using presentation compiler with project's scala-library version: 3.3.3
2024.08.22 13:01:33 INFO  no build target found for /home/mohammad/Downloads/Telegram Desktop/cleanup-service/src/main/scala/rosen/Main.scala. Using presentation compiler with project's scala-library version: 3.3.3
2024.08.22 13:01:35 INFO  no build target found for /home/mohammad/Downloads/Telegram Desktop/cleanup-service/src/main/scala/rosen/Main.scala. Using presentation compiler with project's scala-library version: 3.3.3
2024.08.22 13:01:35 INFO  no build target found for /home/mohammad/Downloads/Telegram Desktop/cleanup-service/src/main/scala/models/Models.scala. Using presentation compiler with project's scala-library version: 3.3.3
2024.08.22 13:01:35 INFO  no build target found for /home/mohammad/Downloads/Telegram Desktop/cleanup-service/src/main/scala/rosen/cleanup/Transactions.scala. Using presentation compiler with project's scala-library version: 3.3.3
2024.08.22 13:01:43 INFO  no build target found for /home/mohammad/Downloads/Telegram Desktop/cleanup-service/src/main/scala/rosen/cleanup/Transactions.scala. Using presentation compiler with project's scala-library version: 3.3.3
2024.08.22 13:01:50 INFO  no build target found for /home/mohammad/Downloads/Telegram Desktop/cleanup-service/src/main/scala/rosen/cleanup/Transactions.scala. Using presentation compiler with project's scala-library version: 3.3.3
2024.08.22 13:02:14 INFO  no build target found for /home/mohammad/Downloads/Telegram Desktop/cleanup-service/src/main/scala/rosen/cleanup/Transactions.scala. Using presentation compiler with project's scala-library version: 3.3.3
2024.08.22 13:02:29 INFO  no build target found for /home/mohammad/Downloads/Telegram Desktop/cleanup-service/src/main/scala/rosen/cleanup/Transactions.scala. Using presentation compiler with project's scala-library version: 3.3.3
2024.08.22 13:02:29 INFO  no build target found for /home/mohammad/Downloads/Telegram Desktop/cleanup-service/src/main/scala/rosen/cleanup/Transactions.scala. Using presentation compiler with project's scala-library version: 3.3.3
Aug 22, 2024 1:02:29 PM org.eclipse.lsp4j.jsonrpc.RemoteEndpoint handleCancellation
WARNING: Unmatched cancel notification for request id 568
2024.08.22 13:02:31 INFO  no build target found for /home/mohammad/Downloads/Telegram Desktop/cleanup-service/src/main/scala/rosen/cleanup/Transactions.scala. Using presentation compiler with project's scala-library version: 3.3.3
2024.08.22 13:02:31 INFO  no build target found for /home/mohammad/Downloads/Telegram Desktop/cleanup-service/src/main/scala/rosen/cleanup/Transactions.scala. Using presentation compiler with project's scala-library version: 3.3.3
2024.08.22 13:02:31 INFO  no build target found for /home/mohammad/Downloads/Telegram Desktop/cleanup-service/src/main/scala/rosen/cleanup/Transactions.scala. Using presentation compiler with project's scala-library version: 3.3.3
2024.08.22 13:02:31 INFO  no build target found for /home/mohammad/Downloads/Telegram Desktop/cleanup-service/src/main/scala/rosen/cleanup/Transactions.scala. Using presentation compiler with project's scala-library version: 3.3.3
2024.08.22 13:02:33 INFO  no build target found for /home/mohammad/Downloads/Telegram Desktop/cleanup-service/src/main/scala/rosen/cleanup/Transactions.scala. Using presentation compiler with project's scala-library version: 3.3.3
2024.08.22 13:02:33 INFO  no build target found for /home/mohammad/Downloads/Telegram Desktop/cleanup-service/src/main/scala/rosen/cleanup/Transactions.scala. Using presentation compiler with project's scala-library version: 3.3.3
2024.08.22 13:02:33 INFO  no build target found for /home/mohammad/Downloads/Telegram Desktop/cleanup-service/src/main/scala/rosen/cleanup/Transactions.scala. Using presentation compiler with project's scala-library version: 3.3.3
2024.08.22 13:03:04 INFO  no build target found for /home/mohammad/Downloads/Telegram Desktop/cleanup-service/src/main/scala/rosen/cleanup/Transactions.scala. Using presentation compiler with project's scala-library version: 3.3.3
2024.08.22 13:03:19 INFO  no build target found for /home/mohammad/Downloads/Telegram Desktop/cleanup-service/src/main/scala/rosen/cleanup/Transactions.scala. Using presentation compiler with project's scala-library version: 3.3.3
2024.08.22 13:03:27 INFO  no build target found for /home/mohammad/Downloads/Telegram Desktop/cleanup-service/src/main/scala/rosen/cleanup/Transactions.scala. Using presentation compiler with project's scala-library version: 3.3.3
2024.08.22 13:03:44 INFO  no build target found for /home/mohammad/Downloads/Telegram Desktop/cleanup-service/src/main/scala/rosen/cleanup/Transactions.scala. Using presentation compiler with project's scala-library version: 3.3.3
2024.08.22 13:03:47 INFO  no build target found for /home/mohammad/Downloads/Telegram Desktop/cleanup-service/src/main/scala/rosen/cleanup/Transactions.scala. Using presentation compiler with project's scala-library version: 3.3.3
2024.08.22 13:03:49 INFO  no build target found for /home/mohammad/Downloads/Telegram Desktop/cleanup-service/src/main/scala/rosen/cleanup/Transactions.scala. Using presentation compiler with project's scala-library version: 3.3.3
2024.08.22 13:04:07 INFO  no build target found for /home/mohammad/Downloads/Telegram Desktop/cleanup-service/src/main/scala/rosen/cleanup/Transactions.scala. Using presentation compiler with project's scala-library version: 3.3.3
2024.08.22 13:04:07 INFO  no build target found for /home/mohammad/Downloads/Telegram Desktop/cleanup-service/src/main/scala/rosen/cleanup/Procedures.scala. Using presentation compiler with project's scala-library version: 3.3.3
2024.08.22 13:04:13 INFO  no build target found for /home/mohammad/Downloads/Telegram Desktop/cleanup-service/src/main/scala/rosen/cleanup/Procedures.scala. Using presentation compiler with project's scala-library version: 3.3.3
2024.08.22 13:04:13 INFO  no build target found for /home/mohammad/Downloads/Telegram Desktop/cleanup-service/src/main/scala/rosen/cleanup/Procedures.scala. Using presentation compiler with project's scala-library version: 3.3.3
2024.08.22 13:04:15 INFO  no build target found for /home/mohammad/Downloads/Telegram Desktop/cleanup-service/src/main/scala/rosen/cleanup/Procedures.scala. Using presentation compiler with project's scala-library version: 3.3.3
2024.08.22 13:04:15 INFO  no build target found for /home/mohammad/Downloads/Telegram Desktop/cleanup-service/src/main/scala/rosen/cleanup/Procedures.scala. Using presentation compiler with project's scala-library version: 3.3.3
2024.08.22 13:04:15 INFO  no build target found for /home/mohammad/Downloads/Telegram Desktop/cleanup-service/src/main/scala/rosen/cleanup/Procedures.scala. Using presentation compiler with project's scala-library version: 3.3.3
2024.08.22 13:04:15 INFO  no build target found for /home/mohammad/Downloads/Telegram Desktop/cleanup-service/src/main/scala/rosen/cleanup/Procedures.scala. Using presentation compiler with project's scala-library version: 3.3.3
2024.08.22 13:04:16 INFO  no build target found for /home/mohammad/Downloads/Telegram Desktop/cleanup-service/src/main/scala/rosen/cleanup/Procedures.scala. Using presentation compiler with project's scala-library version: 3.3.3
2024.08.22 13:04:18 INFO  no build target found for /home/mohammad/Downloads/Telegram Desktop/cleanup-service/src/main/scala/rosen/cleanup/Procedures.scala. Using presentation compiler with project's scala-library version: 3.3.3
2024.08.22 13:04:20 INFO  no build target found for /home/mohammad/Downloads/Telegram Desktop/cleanup-service/src/main/scala/rosen/cleanup/Procedures.scala. Using presentation compiler with project's scala-library version: 3.3.3
2024.08.22 13:04:28 INFO  no build target found for /home/mohammad/Downloads/Telegram Desktop/cleanup-service/src/main/scala/rosen/cleanup/Procedures.scala. Using presentation compiler with project's scala-library version: 3.3.3
Aug 22, 2024 1:04:28 PM org.eclipse.lsp4j.jsonrpc.RemoteEndpoint handleCancellation
WARNING: Unmatched cancel notification for request id 700
2024.08.22 13:04:28 INFO  no build target found for /home/mohammad/Downloads/Telegram Desktop/cleanup-service/src/main/scala/rosen/cleanup/Procedures.scala. Using presentation compiler with project's scala-library version: 3.3.3
2024.08.22 13:04:28 INFO  no build target found for /home/mohammad/Downloads/Telegram Desktop/cleanup-service/src/main/scala/models/Models.scala. Using presentation compiler with project's scala-library version: 3.3.3
2024.08.22 13:04:31 INFO  no build target found for /home/mohammad/Downloads/Telegram Desktop/cleanup-service/src/main/scala/rosen/cleanup/Procedures.scala. Using presentation compiler with project's scala-library version: 3.3.3
2024.08.22 13:04:31 INFO  no build target found for /home/mohammad/Downloads/Telegram Desktop/cleanup-service/src/main/scala/rosen/cleanup/Transactions.scala. Using presentation compiler with project's scala-library version: 3.3.3
2024.08.22 13:04:32 INFO  no build target found for /home/mohammad/Downloads/Telegram Desktop/cleanup-service/src/main/scala/rosen/cleanup/Transactions.scala. Using presentation compiler with project's scala-library version: 3.3.3
2024.08.22 13:04:34 INFO  no build target found for /home/mohammad/Downloads/Telegram Desktop/cleanup-service/src/main/scala/rosen/cleanup/Transactions.scala. Using presentation compiler with project's scala-library version: 3.3.3
2024.08.22 13:04:34 INFO  no build target found for /home/mohammad/Downloads/Telegram Desktop/cleanup-service/src/main/scala/rosen/cleanup/Transactions.scala. Using presentation compiler with project's scala-library version: 3.3.3
2024.08.22 13:04:34 INFO  no build target found for /home/mohammad/Downloads/Telegram Desktop/cleanup-service/src/main/scala/rosen/cleanup/Procedures.scala. Using presentation compiler with project's scala-library version: 3.3.3
2024.08.22 13:04:35 INFO  no build target found for /home/mohammad/Downloads/Telegram Desktop/cleanup-service/src/main/scala/rosen/cleanup/Transactions.scala. Using presentation compiler with project's scala-library version: 3.3.3
2024.08.22 13:04:35 INFO  no build target found for /home/mohammad/Downloads/Telegram Desktop/cleanup-service/src/main/scala/rosen/cleanup/Transactions.scala. Using presentation compiler with project's scala-library version: 3.3.3
2024.08.22 13:04:36 INFO  no build target found for /home/mohammad/Downloads/Telegram Desktop/cleanup-service/src/main/scala/rosen/cleanup/Transactions.scala. Using presentation compiler with project's scala-library version: 3.3.3
2024.08.22 13:04:35 INFO  no build target found for /home/mohammad/Downloads/Telegram Desktop/cleanup-service/src/main/scala/rosen/cleanup/Transactions.scala. Using presentation compiler with project's scala-library version: 3.3.3
2024.08.22 13:05:26 INFO  no build target found for /home/mohammad/Downloads/Telegram Desktop/cleanup-service/src/main/scala/rosen/cleanup/Transactions.scala. Using presentation compiler with project's scala-library version: 3.3.3
2024.08.22 13:05:26 INFO  no build target found for /home/mohammad/Downloads/Telegram Desktop/cleanup-service/src/main/scala/rosen/cleanup/Transactions.scala. Using presentation compiler with project's scala-library version: 3.3.3
2024.08.22 13:05:26 INFO  no build target found for /home/mohammad/Downloads/Telegram Desktop/cleanup-service/src/main/scala/rosen/cleanup/Transactions.scala. Using presentation compiler with project's scala-library version: 3.3.3
2024.08.22 13:06:10 INFO  no build target found for /home/mohammad/Downloads/Telegram Desktop/cleanup-service/src/main/scala/rosen/cleanup/Transactions.scala. Using presentation compiler with project's scala-library version: 3.3.3
2024.08.22 13:06:11 INFO  no build target found for /home/mohammad/Downloads/Telegram Desktop/cleanup-service/src/main/scala/rosen/cleanup/Transactions.scala. Using presentation compiler with project's scala-library version: 3.3.3
2024.08.22 13:06:18 INFO  no build target found for /home/mohammad/Downloads/Telegram Desktop/cleanup-service/src/main/scala/rosen/cleanup/Transactions.scala. Using presentation compiler with project's scala-library version: 3.3.3
2024.08.22 13:06:18 INFO  no build target found for /home/mohammad/Downloads/Telegram Desktop/cleanup-service/src/main/scala/rosen/cleanup/Transactions.scala. Using presentation compiler with project's scala-library version: 3.3.3
2024.08.22 13:06:18 INFO  no build target found for /home/mohammad/Downloads/Telegram Desktop/cleanup-service/src/main/scala/rosen/cleanup/Transactions.scala. Using presentation compiler with project's scala-library version: 3.3.3
2024.08.22 13:06:18 INFO  no build target found for /home/mohammad/Downloads/Telegram Desktop/cleanup-service/src/main/scala/rosen/cleanup/Transactions.scala. Using presentation compiler with project's scala-library version: 3.3.3
2024.08.22 13:06:18 INFO  no build target found for /home/mohammad/Downloads/Telegram Desktop/cleanup-service/src/main/scala/rosen/cleanup/Transactions.scala. Using presentation compiler with project's scala-library version: 3.3.3
2024.08.22 13:06:19 INFO  no build target found for /home/mohammad/Downloads/Telegram Desktop/cleanup-service/src/main/scala/rosen/cleanup/Transactions.scala. Using presentation compiler with project's scala-library version: 3.3.3
2024.08.22 13:06:19 INFO  no build target found for /home/mohammad/Downloads/Telegram Desktop/cleanup-service/src/main/scala/rosen/cleanup/Transactions.scala. Using presentation compiler with project's scala-library version: 3.3.3
2024.08.22 13:06:19 INFO  no build target found for /home/mohammad/Downloads/Telegram Desktop/cleanup-service/src/main/scala/rosen/cleanup/Transactions.scala. Using presentation compiler with project's scala-library version: 3.3.3
2024.08.22 13:06:19 INFO  no build target found for /home/mohammad/Downloads/Telegram Desktop/cleanup-service/src/main/scala/rosen/cleanup/Transactions.scala. Using presentation compiler with project's scala-library version: 3.3.3
2024.08.22 13:06:19 INFO  no build target found for /home/mohammad/Downloads/Telegram Desktop/cleanup-service/src/main/scala/rosen/cleanup/Transactions.scala. Using presentation compiler with project's scala-library version: 3.3.3
2024.08.22 13:06:20 INFO  no build target found for /home/mohammad/Downloads/Telegram Desktop/cleanup-service/src/main/scala/rosen/cleanup/Transactions.scala. Using presentation compiler with project's scala-library version: 3.3.3
2024.08.22 13:06:22 INFO  no build target found for /home/mohammad/Downloads/Telegram Desktop/cleanup-service/src/main/scala/rosen/cleanup/Transactions.scala. Using presentation compiler with project's scala-library version: 3.3.3
2024.08.22 13:06:22 INFO  no build target found for /home/mohammad/Downloads/Telegram Desktop/cleanup-service/src/main/scala/rosen/cleanup/Transactions.scala. Using presentation compiler with project's scala-library version: 3.3.3
2024.08.22 13:06:23 INFO  no build target found for /home/mohammad/Downloads/Telegram Desktop/cleanup-service/src/main/scala/rosen/cleanup/Transactions.scala. Using presentation compiler with project's scala-library version: 3.3.3
2024.08.22 13:06:23 INFO  no build target found for /home/mohammad/Downloads/Telegram Desktop/cleanup-service/src/main/scala/rosen/cleanup/Transactions.scala. Using presentation compiler with project's scala-library version: 3.3.3
2024.08.22 13:06:25 INFO  no build target found for /home/mohammad/Downloads/Telegram Desktop/cleanup-service/src/main/scala/rosen/cleanup/Transactions.scala. Using presentation compiler with project's scala-library version: 3.3.3
2024.08.22 13:06:25 INFO  no build target found for /home/mohammad/Downloads/Telegram Desktop/cleanup-service/src/main/scala/rosen/cleanup/Transactions.scala. Using presentation compiler with project's scala-library version: 3.3.3
2024.08.22 13:06:25 INFO  no build target found for /home/mohammad/Downloads/Telegram Desktop/cleanup-service/src/main/scala/rosen/cleanup/Transactions.scala. Using presentation compiler with project's scala-library version: 3.3.3
2024.08.22 13:06:25 INFO  no build target found for /home/mohammad/Downloads/Telegram Desktop/cleanup-service/src/main/scala/rosen/cleanup/Transactions.scala. Using presentation compiler with project's scala-library version: 3.3.3
2024.08.22 13:06:26 INFO  no build target found for /home/mohammad/Downloads/Telegram Desktop/cleanup-service/src/main/scala/rosen/cleanup/Transactions.scala. Using presentation compiler with project's scala-library version: 3.3.3
2024.08.22 13:06:26 INFO  no build target found for /home/mohammad/Downloads/Telegram Desktop/cleanup-service/src/main/scala/rosen/cleanup/Transactions.scala. Using presentation compiler with project's scala-library version: 3.3.3
2024.08.22 13:06:26 INFO  no build target found for /home/mohammad/Downloads/Telegram Desktop/cleanup-service/src/main/scala/rosen/cleanup/Transactions.scala. Using presentation compiler with project's scala-library version: 3.3.3
2024.08.22 13:06:28 INFO  no build target found for /home/mohammad/Downloads/Telegram Desktop/cleanup-service/src/main/scala/rosen/cleanup/Transactions.scala. Using presentation compiler with project's scala-library version: 3.3.3
2024.08.22 13:06:58 INFO  no build target found for /home/mohammad/Downloads/Telegram Desktop/cleanup-service/src/main/scala/rosen/cleanup/Transactions.scala. Using presentation compiler with project's scala-library version: 3.3.3
2024.08.22 13:06:58 INFO  no build target found for /home/mohammad/Downloads/Telegram Desktop/cleanup-service/src/main/scala/rosen/cleanup/Transactions.scala. Using presentation compiler with project's scala-library version: 3.3.3
2024.08.22 13:06:58 INFO  no build target found for /home/mohammad/Downloads/Telegram Desktop/cleanup-service/src/main/scala/rosen/cleanup/Transactions.scala. Using presentation compiler with project's scala-library version: 3.3.3
2024.08.22 13:07:00 INFO  no build target found for /home/mohammad/Downloads/Telegram Desktop/cleanup-service/src/main/scala/rosen/cleanup/Transactions.scala. Using presentation compiler with project's scala-library version: 3.3.3
2024.08.22 13:07:10 INFO  no build target found for /home/mohammad/Downloads/Telegram Desktop/cleanup-service/src/main/scala/rosen/cleanup/Transactions.scala. Using presentation compiler with project's scala-library version: 3.3.3
2024.08.22 13:07:11 INFO  no build target found for /home/mohammad/Downloads/Telegram Desktop/cleanup-service/src/main/scala/rosen/cleanup/Transactions.scala. Using presentation compiler with project's scala-library version: 3.3.3
2024.08.22 13:07:12 INFO  no build target found for /home/mohammad/Downloads/Telegram Desktop/cleanup-service/src/main/scala/rosen/cleanup/Transactions.scala. Using presentation compiler with project's scala-library version: 3.3.3
2024.08.22 13:07:17 INFO  no build target found for /home/mohammad/Downloads/Telegram Desktop/cleanup-service/src/main/scala/rosen/cleanup/Transactions.scala. Using presentation compiler with project's scala-library version: 3.3.3
2024.08.22 13:07:19 INFO  no build target found for /home/mohammad/Downloads/Telegram Desktop/cleanup-service/src/main/scala/rosen/cleanup/Transactions.scala. Using presentation compiler with project's scala-library version: 3.3.3
2024.08.22 13:07:19 INFO  no build target found for /home/mohammad/Downloads/Telegram Desktop/cleanup-service/src/main/scala/rosen/cleanup/Transactions.scala. Using presentation compiler with project's scala-library version: 3.3.3
2024.08.22 13:07:20 INFO  no build target found for /home/mohammad/Downloads/Telegram Desktop/cleanup-service/src/main/scala/rosen/cleanup/Transactions.scala. Using presentation compiler with project's scala-library version: 3.3.3
2024.08.22 13:09:00 INFO  no build target found for /home/mohammad/Downloads/Telegram Desktop/cleanup-service/src/main/scala/rosen/cleanup/Transactions.scala. Using presentation compiler with project's scala-library version: 3.3.3
2024.08.22 13:09:03 INFO  no build target found for /home/mohammad/Downloads/Telegram Desktop/cleanup-service/src/main/scala/rosen/cleanup/Transactions.scala. Using presentation compiler with project's scala-library version: 3.3.3
2024.08.22 13:09:08 INFO  no build target found for /home/mohammad/Downloads/Telegram Desktop/cleanup-service/src/main/scala/rosen/cleanup/Transactions.scala. Using presentation compiler with project's scala-library version: 3.3.3
2024.08.22 13:09:13 INFO  no build target found for /home/mohammad/Downloads/Telegram Desktop/cleanup-service/src/main/scala/rosen/cleanup/Transactions.scala. Using presentation compiler with project's scala-library version: 3.3.3
2024.08.22 13:09:14 INFO  no build target found for /home/mohammad/Downloads/Telegram Desktop/cleanup-service/src/main/scala/rosen/cleanup/Transactions.scala. Using presentation compiler with project's scala-library version: 3.3.3
2024.08.22 13:09:14 INFO  no build target found for /home/mohammad/Downloads/Telegram Desktop/cleanup-service/src/main/scala/rosen/cleanup/Transactions.scala. Using presentation compiler with project's scala-library version: 3.3.3
2024.08.22 13:09:15 INFO  no build target found for /home/mohammad/Downloads/Telegram Desktop/cleanup-service/src/main/scala/rosen/cleanup/Transactions.scala. Using presentation compiler with project's scala-library version: 3.3.3
2024.08.22 13:09:15 INFO  no build target found for /home/mohammad/Downloads/Telegram Desktop/cleanup-service/src/main/scala/rosen/cleanup/Transactions.scala. Using presentation compiler with project's scala-library version: 3.3.3
2024.08.22 13:09:16 INFO  no build target found for /home/mohammad/Downloads/Telegram Desktop/cleanup-service/src/main/scala/rosen/cleanup/Transactions.scala. Using presentation compiler with project's scala-library version: 3.3.3
2024.08.22 13:09:16 INFO  no build target found for /home/mohammad/Downloads/Telegram Desktop/cleanup-service/src/main/scala/rosen/cleanup/Transactions.scala. Using presentation compiler with project's scala-library version: 3.3.3
2024.08.22 13:09:49 INFO  no build target found for /home/mohammad/Downloads/Telegram Desktop/cleanup-service/src/main/scala/rosen/cleanup/Transactions.scala. Using presentation compiler with project's scala-library version: 3.3.3
2024.08.22 13:09:49 INFO  no build target found for /home/mohammad/Downloads/Telegram Desktop/cleanup-service/src/main/scala/rosen/cleanup/Transactions.scala. Using presentation compiler with project's scala-library version: 3.3.3
2024.08.22 13:09:50 INFO  no build target found for /home/mohammad/Downloads/Telegram Desktop/cleanup-service/src/main/scala/rosen/cleanup/Transactions.scala. Using presentation compiler with project's scala-library version: 3.3.3
2024.08.22 13:09:51 INFO  no build target found for /home/mohammad/Downloads/Telegram Desktop/cleanup-service/src/main/scala/rosen/cleanup/Transactions.scala. Using presentation compiler with project's scala-library version: 3.3.3
2024.08.22 13:09:51 WARN  no build target for: /home/mohammad/Downloads/Telegram Desktop/cleanup-service/src/main/scala/rosen/cleanup/Transactions.scala
2024.08.22 13:09:51 INFO  no build target found for /home/mohammad/Downloads/Telegram Desktop/cleanup-service/src/main/scala/rosen/cleanup/Transactions.scala. Using presentation compiler with project's scala-library version: 3.3.3
2024.08.22 13:09:53 INFO  no build target found for /home/mohammad/Downloads/Telegram Desktop/cleanup-service/src/main/scala/rosen/cleanup/Transactions.scala. Using presentation compiler with project's scala-library version: 3.3.3
2024.08.22 13:09:55 INFO  no build target found for /home/mohammad/Downloads/Telegram Desktop/cleanup-service/src/main/scala/rosen/cleanup/Transactions.scala. Using presentation compiler with project's scala-library version: 3.3.3
2024.08.22 13:09:55 INFO  no build target found for /home/mohammad/Downloads/Telegram Desktop/cleanup-service/src/main/scala/rosen/cleanup/Transactions.scala. Using presentation compiler with project's scala-library version: 3.3.3
2024.08.22 13:09:57 INFO  no build target found for /home/mohammad/Downloads/Telegram Desktop/cleanup-service/src/main/scala/rosen/cleanup/Transactions.scala. Using presentation compiler with project's scala-library version: 3.3.3
2024.08.22 13:09:57 INFO  no build target found for /home/mohammad/Downloads/Telegram Desktop/cleanup-service/src/main/scala/rosen/cleanup/Transactions.scala. Using presentation compiler with project's scala-library version: 3.3.3
2024.08.22 13:09:59 INFO  no build target found for /home/mohammad/Downloads/Telegram Desktop/cleanup-service/src/main/scala/rosen/cleanup/Transactions.scala. Using presentation compiler with project's scala-library version: 3.3.3
2024.08.22 13:10:01 INFO  no build target found for /home/mohammad/Downloads/Telegram Desktop/cleanup-service/src/main/scala/rosen/cleanup/Transactions.scala. Using presentation compiler with project's scala-library version: 3.3.3
2024.08.22 13:10:01 INFO  no build target found for /home/mohammad/Downloads/Telegram Desktop/cleanup-service/src/main/scala/rosen/cleanup/Transactions.scala. Using presentation compiler with project's scala-library version: 3.3.3
2024.08.22 13:10:02 INFO  no build target found for /home/mohammad/Downloads/Telegram Desktop/cleanup-service/src/main/scala/rosen/cleanup/Transactions.scala. Using presentation compiler with project's scala-library version: 3.3.3
2024.08.22 13:11:34 INFO  no build target found for /home/mohammad/Downloads/Telegram Desktop/cleanup-service/src/main/scala/rosen/cleanup/Transactions.scala. Using presentation compiler with project's scala-library version: 3.3.3
2024.08.22 13:11:37 INFO  no build target found for /home/mohammad/Downloads/Telegram Desktop/cleanup-service/src/main/scala/rosen/cleanup/Transactions.scala. Using presentation compiler with project's scala-library version: 3.3.3
2024.08.22 13:11:37 INFO  no build target found for /home/mohammad/Downloads/Telegram Desktop/cleanup-service/src/main/scala/rosen/cleanup/Transactions.scala. Using presentation compiler with project's scala-library version: 3.3.3
2024.08.22 13:11:42 INFO  no build target found for /home/mohammad/Downloads/Telegram Desktop/cleanup-service/src/main/scala/rosen/cleanup/Transactions.scala. Using presentation compiler with project's scala-library version: 3.3.3
2024.08.22 13:11:42 INFO  no build target found for /home/mohammad/Downloads/Telegram Desktop/cleanup-service/src/main/scala/rosen/cleanup/Transactions.scala. Using presentation compiler with project's scala-library version: 3.3.3
2024.08.22 13:11:42 INFO  no build target found for /home/mohammad/Downloads/Telegram Desktop/cleanup-service/src/main/scala/rosen/cleanup/Transactions.scala. Using presentation compiler with project's scala-library version: 3.3.3
2024.08.22 13:11:42 INFO  no build target found for /home/mohammad/Downloads/Telegram Desktop/cleanup-service/src/main/scala/rosen/cleanup/Transactions.scala. Using presentation compiler with project's scala-library version: 3.3.3
2024.08.22 13:11:43 INFO  no build target found for /home/mohammad/Downloads/Telegram Desktop/cleanup-service/src/main/scala/rosen/cleanup/Transactions.scala. Using presentation compiler with project's scala-library version: 3.3.3
2024.08.22 13:11:43 INFO  no build target found for /home/mohammad/Downloads/Telegram Desktop/cleanup-service/src/main/scala/rosen/cleanup/Transactions.scala. Using presentation compiler with project's scala-library version: 3.3.3
2024.08.22 13:11:44 INFO  no build target found for /home/mohammad/Downloads/Telegram Desktop/cleanup-service/src/main/scala/rosen/cleanup/Transactions.scala. Using presentation compiler with project's scala-library version: 3.3.3
2024.08.22 13:11:45 WARN  no build target for: /home/mohammad/Downloads/Telegram Desktop/cleanup-service/src/main/scala/rosen/cleanup/Transactions.scala
2024.08.22 13:11:45 INFO  no build target found for /home/mohammad/Downloads/Telegram Desktop/cleanup-service/src/main/scala/rosen/cleanup/Transactions.scala. Using presentation compiler with project's scala-library version: 3.3.3
2024.08.22 13:11:45 INFO  no build target found for /home/mohammad/Downloads/Telegram Desktop/cleanup-service/src/main/scala/rosen/cleanup/Transactions.scala. Using presentation compiler with project's scala-library version: 3.3.3
2024.08.22 13:11:45 INFO  no build target found for /home/mohammad/Downloads/Telegram Desktop/cleanup-service/src/main/scala/rosen/cleanup/Transactions.scala. Using presentation compiler with project's scala-library version: 3.3.3
2024.08.22 13:11:45 INFO  no build target found for /home/mohammad/Downloads/Telegram Desktop/cleanup-service/src/main/scala/rosen/cleanup/Transactions.scala. Using presentation compiler with project's scala-library version: 3.3.3
2024.08.22 13:11:45 INFO  no build target found for /home/mohammad/Downloads/Telegram Desktop/cleanup-service/src/main/scala/rosen/cleanup/Transactions.scala. Using presentation compiler with project's scala-library version: 3.3.3
2024.08.22 13:11:45 INFO  no build target found for /home/mohammad/Downloads/Telegram Desktop/cleanup-service/src/main/scala/rosen/cleanup/Transactions.scala. Using presentation compiler with project's scala-library version: 3.3.3
2024.08.22 13:11:45 INFO  no build target found for /home/mohammad/Downloads/Telegram Desktop/cleanup-service/src/main/scala/rosen/cleanup/Transactions.scala. Using presentation compiler with project's scala-library version: 3.3.3
2024.08.22 13:11:45 INFO  no build target found for /home/mohammad/Downloads/Telegram Desktop/cleanup-service/src/main/scala/rosen/cleanup/Transactions.scala. Using presentation compiler with project's scala-library version: 3.3.3
2024.08.22 13:11:46 INFO  no build target found for /home/mohammad/Downloads/Telegram Desktop/cleanup-service/src/main/scala/rosen/cleanup/Transactions.scala. Using presentation compiler with project's scala-library version: 3.3.3
2024.08.22 13:11:46 INFO  no build target found for /home/mohammad/Downloads/Telegram Desktop/cleanup-service/src/main/scala/rosen/cleanup/Transactions.scala. Using presentation compiler with project's scala-library version: 3.3.3
2024.08.22 13:11:46 INFO  no build target found for /home/mohammad/Downloads/Telegram Desktop/cleanup-service/src/main/scala/rosen/cleanup/Transactions.scala. Using presentation compiler with project's scala-library version: 3.3.3
2024.08.22 13:11:46 INFO  no build target found for /home/mohammad/Downloads/Telegram Desktop/cleanup-service/src/main/scala/rosen/cleanup/Transactions.scala. Using presentation compiler with project's scala-library version: 3.3.3
2024.08.22 13:11:47 WARN  no build target for: /home/mohammad/Downloads/Telegram Desktop/cleanup-service/src/main/scala/rosen/cleanup/Transactions.scala
2024.08.22 13:11:47 INFO  no build target found for /home/mohammad/Downloads/Telegram Desktop/cleanup-service/src/main/scala/rosen/cleanup/Transactions.scala. Using presentation compiler with project's scala-library version: 3.3.3
2024.08.22 13:11:47 INFO  no build target found for /home/mohammad/Downloads/Telegram Desktop/cleanup-service/src/main/scala/rosen/cleanup/Transactions.scala. Using presentation compiler with project's scala-library version: 3.3.3
2024.08.22 13:11:47 INFO  no build target found for /home/mohammad/Downloads/Telegram Desktop/cleanup-service/src/main/scala/rosen/cleanup/Transactions.scala. Using presentation compiler with project's scala-library version: 3.3.3
2024.08.22 13:11:48 INFO  no build target found for /home/mohammad/Downloads/Telegram Desktop/cleanup-service/src/main/scala/rosen/cleanup/Transactions.scala. Using presentation compiler with project's scala-library version: 3.3.3
2024.08.22 13:11:48 WARN  no build target for: /home/mohammad/Downloads/Telegram Desktop/cleanup-service/src/main/scala/rosen/cleanup/Transactions.scala
2024.08.22 13:11:47 INFO  no build target found for /home/mohammad/Downloads/Telegram Desktop/cleanup-service/src/main/scala/rosen/cleanup/Transactions.scala. Using presentation compiler with project's scala-library version: 3.3.3
2024.08.22 13:12:05 INFO  no build target found for /home/mohammad/Downloads/Telegram Desktop/cleanup-service/src/main/scala/rosen/cleanup/Transactions.scala. Using presentation compiler with project's scala-library version: 3.3.3
2024.08.22 13:12:05 INFO  no build target found for /home/mohammad/Downloads/Telegram Desktop/cleanup-service/src/main/scala/rosen/cleanup/Transactions.scala. Using presentation compiler with project's scala-library version: 3.3.3
2024.08.22 13:12:07 INFO  no build target found for /home/mohammad/Downloads/Telegram Desktop/cleanup-service/src/main/scala/rosen/cleanup/Transactions.scala. Using presentation compiler with project's scala-library version: 3.3.3
2024.08.22 13:12:07 INFO  no build target found for /home/mohammad/Downloads/Telegram Desktop/cleanup-service/src/main/scala/rosen/cleanup/Transactions.scala. Using presentation compiler with project's scala-library version: 3.3.3
2024.08.22 13:12:07 INFO  no build target found for /home/mohammad/Downloads/Telegram Desktop/cleanup-service/src/main/scala/rosen/cleanup/Transactions.scala. Using presentation compiler with project's scala-library version: 3.3.3
2024.08.22 13:12:08 WARN  no build target for: /home/mohammad/Downloads/Telegram Desktop/cleanup-service/src/main/scala/rosen/cleanup/Transactions.scala
2024.08.22 13:12:07 INFO  no build target found for /home/mohammad/Downloads/Telegram Desktop/cleanup-service/src/main/scala/rosen/cleanup/Transactions.scala. Using presentation compiler with project's scala-library version: 3.3.3
2024.08.22 13:12:07 INFO  no build target found for /home/mohammad/Downloads/Telegram Desktop/cleanup-service/src/main/scala/rosen/cleanup/Transactions.scala. Using presentation compiler with project's scala-library version: 3.3.3
2024.08.22 13:12:07 INFO  no build target found for /home/mohammad/Downloads/Telegram Desktop/cleanup-service/src/main/scala/rosen/cleanup/Transactions.scala. Using presentation compiler with project's scala-library version: 3.3.3
2024.08.22 13:12:09 WARN  no build target for: /home/mohammad/Downloads/Telegram Desktop/cleanup-service/src/main/scala/rosen/cleanup/Transactions.scala
2024.08.22 13:12:09 INFO  no build target found for /home/mohammad/Downloads/Telegram Desktop/cleanup-service/src/main/scala/rosen/cleanup/Transactions.scala. Using presentation compiler with project's scala-library version: 3.3.3
2024.08.22 13:12:09 INFO  no build target found for /home/mohammad/Downloads/Telegram Desktop/cleanup-service/src/main/scala/rosen/cleanup/Transactions.scala. Using presentation compiler with project's scala-library version: 3.3.3
2024.08.22 13:13:01 INFO  no build target found for /home/mohammad/Downloads/Telegram Desktop/cleanup-service/src/main/scala/rosen/cleanup/Transactions.scala. Using presentation compiler with project's scala-library version: 3.3.3
2024.08.22 13:13:01 INFO  no build target found for /home/mohammad/Downloads/Telegram Desktop/cleanup-service/src/main/scala/rosen/cleanup/Transactions.scala. Using presentation compiler with project's scala-library version: 3.3.3
2024.08.22 13:13:01 INFO  no build target found for /home/mohammad/Downloads/Telegram Desktop/cleanup-service/src/main/scala/rosen/cleanup/Transactions.scala. Using presentation compiler with project's scala-library version: 3.3.3
2024.08.22 13:13:01 INFO  no build target found for /home/mohammad/Downloads/Telegram Desktop/cleanup-service/src/main/scala/rosen/cleanup/Transactions.scala. Using presentation compiler with project's scala-library version: 3.3.3
2024.08.22 13:13:02 INFO  no build target found for /home/mohammad/Downloads/Telegram Desktop/cleanup-service/src/main/scala/rosen/cleanup/Transactions.scala. Using presentation compiler with project's scala-library version: 3.3.3
2024.08.22 13:13:03 WARN  no build target for: /home/mohammad/Downloads/Telegram Desktop/cleanup-service/src/main/scala/rosen/cleanup/Transactions.scala
2024.08.22 13:13:02 INFO  no build target found for /home/mohammad/Downloads/Telegram Desktop/cleanup-service/src/main/scala/rosen/cleanup/Transactions.scala. Using presentation compiler with project's scala-library version: 3.3.3
2024.08.22 13:13:03 INFO  no build target found for /home/mohammad/Downloads/Telegram Desktop/cleanup-service/src/main/scala/rosen/cleanup/Transactions.scala. Using presentation compiler with project's scala-library version: 3.3.3
2024.08.22 13:13:06 INFO  no build target found for /home/mohammad/Downloads/Telegram Desktop/cleanup-service/src/main/scala/rosen/cleanup/Transactions.scala. Using presentation compiler with project's scala-library version: 3.3.3
2024.08.22 13:13:06 INFO  no build target found for /home/mohammad/Downloads/Telegram Desktop/cleanup-service/src/main/scala/rosen/cleanup/Transactions.scala. Using presentation compiler with project's scala-library version: 3.3.3
2024.08.22 13:13:06 WARN  no build target for: /home/mohammad/Downloads/Telegram Desktop/cleanup-service/src/main/scala/rosen/cleanup/Transactions.scala
2024.08.22 13:13:06 INFO  no build target found for /home/mohammad/Downloads/Telegram Desktop/cleanup-service/src/main/scala/rosen/cleanup/Transactions.scala. Using presentation compiler with project's scala-library version: 3.3.3
2024.08.22 13:13:06 INFO  no build target found for /home/mohammad/Downloads/Telegram Desktop/cleanup-service/src/main/scala/rosen/cleanup/Transactions.scala. Using presentation compiler with project's scala-library version: 3.3.3
2024.08.22 13:13:07 INFO  no build target found for /home/mohammad/Downloads/Telegram Desktop/cleanup-service/src/main/scala/rosen/cleanup/Transactions.scala. Using presentation compiler with project's scala-library version: 3.3.3
2024.08.22 13:13:07 INFO  no build target found for /home/mohammad/Downloads/Telegram Desktop/cleanup-service/src/main/scala/rosen/cleanup/Transactions.scala. Using presentation compiler with project's scala-library version: 3.3.3
2024.08.22 13:13:07 INFO  no build target found for /home/mohammad/Downloads/Telegram Desktop/cleanup-service/src/main/scala/rosen/cleanup/Transactions.scala. Using presentation compiler with project's scala-library version: 3.3.3
2024.08.22 13:13:07 INFO  no build target found for /home/mohammad/Downloads/Telegram Desktop/cleanup-service/src/main/scala/rosen/cleanup/Transactions.scala. Using presentation compiler with project's scala-library version: 3.3.3
2024.08.22 13:13:15 INFO  no build target found for /home/mohammad/Downloads/Telegram Desktop/cleanup-service/src/main/scala/rosen/cleanup/Transactions.scala. Using presentation compiler with project's scala-library version: 3.3.3
2024.08.22 13:19:56 INFO  no build target found for /home/mohammad/Downloads/Telegram Desktop/cleanup-service/src/main/scala/rosen/cleanup/Transactions.scala. Using presentation compiler with project's scala-library version: 3.3.3
2024.08.22 13:19:56 INFO  no build target found for /home/mohammad/Downloads/Telegram Desktop/cleanup-service/src/main/scala/rosen/cleanup/Transactions.scala. Using presentation compiler with project's scala-library version: 3.3.3
2024.08.22 13:19:56 INFO  no build target found for /home/mohammad/Downloads/Telegram Desktop/cleanup-service/src/main/scala/rosen/cleanup/Transactions.scala. Using presentation compiler with project's scala-library version: 3.3.3
2024.08.22 13:20:01 INFO  no build target found for /home/mohammad/Downloads/Telegram Desktop/cleanup-service/src/main/scala/rosen/cleanup/Transactions.scala. Using presentation compiler with project's scala-library version: 3.3.3
2024.08.22 13:20:01 INFO  no build target found for /home/mohammad/Downloads/Telegram Desktop/cleanup-service/src/main/scala/rosen/cleanup/Transactions.scala. Using presentation compiler with project's scala-library version: 3.3.3
2024.08.22 13:20:01 INFO  no build target found for /home/mohammad/Downloads/Telegram Desktop/cleanup-service/src/main/scala/rosen/cleanup/Transactions.scala. Using presentation compiler with project's scala-library version: 3.3.3
2024.08.22 13:20:03 INFO  no build target found for /home/mohammad/Downloads/Telegram Desktop/cleanup-service/src/main/scala/rosen/cleanup/Transactions.scala. Using presentation compiler with project's scala-library version: 3.3.3
2024.08.22 13:20:03 INFO  no build target found for /home/mohammad/Downloads/Telegram Desktop/cleanup-service/src/main/scala/rosen/cleanup/Transactions.scala. Using presentation compiler with project's scala-library version: 3.3.3
2024.08.22 13:20:03 INFO  no build target found for /home/mohammad/Downloads/Telegram Desktop/cleanup-service/src/main/scala/rosen/cleanup/Transactions.scala. Using presentation compiler with project's scala-library version: 3.3.3
2024.08.22 13:20:04 INFO  no build target found for /home/mohammad/Downloads/Telegram Desktop/cleanup-service/src/main/scala/rosen/cleanup/Transactions.scala. Using presentation compiler with project's scala-library version: 3.3.3
2024.08.22 13:20:05 INFO  no build target found for /home/mohammad/Downloads/Telegram Desktop/cleanup-service/src/main/scala/rosen/cleanup/Transactions.scala. Using presentation compiler with project's scala-library version: 3.3.3
2024.08.22 13:20:05 WARN  no build target for: /home/mohammad/Downloads/Telegram Desktop/cleanup-service/src/main/scala/rosen/cleanup/Transactions.scala
2024.08.22 13:20:05 INFO  no build target found for /home/mohammad/Downloads/Telegram Desktop/cleanup-service/src/main/scala/rosen/cleanup/Transactions.scala. Using presentation compiler with project's scala-library version: 3.3.3
2024.08.22 13:20:06 INFO  no build target found for /home/mohammad/Downloads/Telegram Desktop/cleanup-service/src/main/scala/rosen/cleanup/Transactions.scala. Using presentation compiler with project's scala-library version: 3.3.3
2024.08.22 13:20:06 INFO  no build target found for /home/mohammad/Downloads/Telegram Desktop/cleanup-service/src/main/scala/rosen/cleanup/Transactions.scala. Using presentation compiler with project's scala-library version: 3.3.3
2024.08.22 13:20:07 WARN  no build target for: /home/mohammad/Downloads/Telegram Desktop/cleanup-service/src/main/scala/rosen/cleanup/Transactions.scala
2024.08.22 13:20:07 INFO  no build target found for /home/mohammad/Downloads/Telegram Desktop/cleanup-service/src/main/scala/rosen/cleanup/Transactions.scala. Using presentation compiler with project's scala-library version: 3.3.3
2024.08.22 13:20:07 INFO  no build target found for /home/mohammad/Downloads/Telegram Desktop/cleanup-service/src/main/scala/rosen/cleanup/Transactions.scala. Using presentation compiler with project's scala-library version: 3.3.3
2024.08.22 13:20:15 INFO  no build target found for /home/mohammad/Downloads/Telegram Desktop/cleanup-service/src/main/scala/rosen/cleanup/Transactions.scala. Using presentation compiler with project's scala-library version: 3.3.3
2024.08.22 13:20:15 INFO  no build target found for /home/mohammad/Downloads/Telegram Desktop/cleanup-service/src/main/scala/rosen/cleanup/Transactions.scala. Using presentation compiler with project's scala-library version: 3.3.3
2024.08.22 13:22:13 INFO  no build target found for /home/mohammad/Downloads/Telegram Desktop/cleanup-service/src/main/scala/rosen/cleanup/Transactions.scala. Using presentation compiler with project's scala-library version: 3.3.3
2024.08.22 13:22:27 INFO  no build target found for /home/mohammad/Downloads/Telegram Desktop/cleanup-service/src/main/scala/rosen/cleanup/Transactions.scala. Using presentation compiler with project's scala-library version: 3.3.3
2024.08.22 13:22:30 INFO  no build target found for /home/mohammad/Downloads/Telegram Desktop/cleanup-service/src/main/scala/rosen/cleanup/Procedures.scala. Using presentation compiler with project's scala-library version: 3.3.3
2024.08.22 13:22:30 INFO  no build target found for /home/mohammad/Downloads/Telegram Desktop/cleanup-service/src/main/scala/rosen/cleanup/Transactions.scala. Using presentation compiler with project's scala-library version: 3.3.3
2024.08.22 13:22:30 INFO  no build target found for /home/mohammad/Downloads/Telegram Desktop/cleanup-service/src/main/scala/rosen/Main.scala. Using presentation compiler with project's scala-library version: 3.3.3
2024.08.22 13:22:31 INFO  no build target found for /home/mohammad/Downloads/Telegram Desktop/cleanup-service/src/main/scala/rosen/cleanup/Transactions.scala. Using presentation compiler with project's scala-library version: 3.3.3
2024.08.22 13:22:31 INFO  no build target found for /home/mohammad/Downloads/Telegram Desktop/cleanup-service/src/main/scala/models/Models.scala. Using presentation compiler with project's scala-library version: 3.3.3
2024.08.22 13:22:31 INFO  no build target found for /home/mohammad/Downloads/Telegram Desktop/cleanup-service/src/main/scala/models/Models.scala. Using presentation compiler with project's scala-library version: 3.3.3
2024.08.22 13:22:31 INFO  no build target found for /home/mohammad/Downloads/Telegram Desktop/cleanup-service/src/main/scala/models/Models.scala. Using presentation compiler with project's scala-library version: 3.3.3
2024.08.22 13:22:33 INFO  no build target found for /home/mohammad/Downloads/Telegram Desktop/cleanup-service/src/main/scala/models/Models.scala. Using presentation compiler with project's scala-library version: 3.3.3
2024.08.22 13:22:33 INFO  no build target found for /home/mohammad/Downloads/Telegram Desktop/cleanup-service/src/main/scala/models/Models.scala. Using presentation compiler with project's scala-library version: 3.3.3
2024.08.22 13:22:50 INFO  no build target found for /home/mohammad/Downloads/Telegram Desktop/cleanup-service/src/main/scala/models/Models.scala. Using presentation compiler with project's scala-library version: 3.3.3
2024.08.22 13:22:52 INFO  no build target found for /home/mohammad/Downloads/Telegram Desktop/cleanup-service/src/main/scala/models/Models.scala. Using presentation compiler with project's scala-library version: 3.3.3
2024.08.22 13:22:52 INFO  no build target found for /home/mohammad/Downloads/Telegram Desktop/cleanup-service/src/main/scala/models/Models.scala. Using presentation compiler with project's scala-library version: 3.3.3
2024.08.22 13:22:53 WARN  no build target for: /home/mohammad/Downloads/Telegram Desktop/cleanup-service/src/main/scala/models/Models.scala
2024.08.22 13:22:53 INFO  no build target found for /home/mohammad/Downloads/Telegram Desktop/cleanup-service/src/main/scala/models/Models.scala. Using presentation compiler with project's scala-library version: 3.3.3
2024.08.22 13:22:53 INFO  no build target found for /home/mohammad/Downloads/Telegram Desktop/cleanup-service/src/main/scala/models/Models.scala. Using presentation compiler with project's scala-library version: 3.3.3
2024.08.22 13:22:54 INFO  no build target found for /home/mohammad/Downloads/Telegram Desktop/cleanup-service/src/main/scala/models/Models.scala. Using presentation compiler with project's scala-library version: 3.3.3
2024.08.22 13:22:54 INFO  no build target found for /home/mohammad/Downloads/Telegram Desktop/cleanup-service/src/main/scala/models/Models.scala. Using presentation compiler with project's scala-library version: 3.3.3
2024.08.22 13:22:54 INFO  no build target found for /home/mohammad/Downloads/Telegram Desktop/cleanup-service/src/main/scala/models/Models.scala. Using presentation compiler with project's scala-library version: 3.3.3
2024.08.22 13:22:54 INFO  no build target found for /home/mohammad/Downloads/Telegram Desktop/cleanup-service/src/main/scala/models/Models.scala. Using presentation compiler with project's scala-library version: 3.3.3
2024.08.22 13:22:55 INFO  no build target found for /home/mohammad/Downloads/Telegram Desktop/cleanup-service/src/main/scala/models/Models.scala. Using presentation compiler with project's scala-library version: 3.3.3
2024.08.22 13:22:55 INFO  no build target found for /home/mohammad/Downloads/Telegram Desktop/cleanup-service/src/main/scala/models/Models.scala. Using presentation compiler with project's scala-library version: 3.3.3
2024.08.22 13:22:56 INFO  no build target found for /home/mohammad/Downloads/Telegram Desktop/cleanup-service/src/main/scala/models/Models.scala. Using presentation compiler with project's scala-library version: 3.3.3
2024.08.22 13:22:57 INFO  no build target found for /home/mohammad/Downloads/Telegram Desktop/cleanup-service/src/main/scala/models/Models.scala. Using presentation compiler with project's scala-library version: 3.3.3
2024.08.22 13:22:57 INFO  no build target found for /home/mohammad/Downloads/Telegram Desktop/cleanup-service/src/main/scala/models/Models.scala. Using presentation compiler with project's scala-library version: 3.3.3
2024.08.22 13:22:57 WARN  no build target for: /home/mohammad/Downloads/Telegram Desktop/cleanup-service/src/main/scala/models/Models.scala
2024.08.22 13:22:57 INFO  no build target found for /home/mohammad/Downloads/Telegram Desktop/cleanup-service/src/main/scala/models/Models.scala. Using presentation compiler with project's scala-library version: 3.3.3
2024.08.22 13:22:57 INFO  no build target found for /home/mohammad/Downloads/Telegram Desktop/cleanup-service/src/main/scala/models/Models.scala. Using presentation compiler with project's scala-library version: 3.3.3
2024.08.22 13:22:58 INFO  no build target found for /home/mohammad/Downloads/Telegram Desktop/cleanup-service/src/main/scala/models/Models.scala. Using presentation compiler with project's scala-library version: 3.3.3
2024.08.22 13:22:58 INFO  no build target found for /home/mohammad/Downloads/Telegram Desktop/cleanup-service/src/main/scala/models/Models.scala. Using presentation compiler with project's scala-library version: 3.3.3
2024.08.22 13:22:58 WARN  no build target for: /home/mohammad/Downloads/Telegram Desktop/cleanup-service/src/main/scala/models/Models.scala
2024.08.22 13:22:59 INFO  no build target found for /home/mohammad/Downloads/Telegram Desktop/cleanup-service/src/main/scala/models/Models.scala. Using presentation compiler with project's scala-library version: 3.3.3
2024.08.22 13:22:58 INFO  no build target found for /home/mohammad/Downloads/Telegram Desktop/cleanup-service/src/main/scala/models/Models.scala. Using presentation compiler with project's scala-library version: 3.3.3
2024.08.22 13:22:59 INFO  no build target found for /home/mohammad/Downloads/Telegram Desktop/cleanup-service/src/main/scala/models/Models.scala. Using presentation compiler with project's scala-library version: 3.3.3
2024.08.22 13:23:00 INFO  no build target found for /home/mohammad/Downloads/Telegram Desktop/cleanup-service/src/main/scala/models/Models.scala. Using presentation compiler with project's scala-library version: 3.3.3
2024.08.22 13:23:00 WARN  no build target for: /home/mohammad/Downloads/Telegram Desktop/cleanup-service/src/main/scala/models/Models.scala
2024.08.22 13:23:00 INFO  no build target found for /home/mohammad/Downloads/Telegram Desktop/cleanup-service/src/main/scala/models/Models.scala. Using presentation compiler with project's scala-library version: 3.3.3
2024.08.22 13:23:00 INFO  no build target found for /home/mohammad/Downloads/Telegram Desktop/cleanup-service/src/main/scala/models/Models.scala. Using presentation compiler with project's scala-library version: 3.3.3
2024.08.22 13:23:00 INFO  no build target found for /home/mohammad/Downloads/Telegram Desktop/cleanup-service/src/main/scala/models/Models.scala. Using presentation compiler with project's scala-library version: 3.3.3
2024.08.22 13:23:00 INFO  no build target found for /home/mohammad/Downloads/Telegram Desktop/cleanup-service/src/main/scala/models/Models.scala. Using presentation compiler with project's scala-library version: 3.3.3
2024.08.22 13:23:02 INFO  no build target found for /home/mohammad/Downloads/Telegram Desktop/cleanup-service/src/main/scala/models/Models.scala. Using presentation compiler with project's scala-library version: 3.3.3
2024.08.22 13:23:05 INFO  no build target found for /home/mohammad/Downloads/Telegram Desktop/cleanup-service/src/main/scala/models/Models.scala. Using presentation compiler with project's scala-library version: 3.3.3
2024.08.22 13:23:05 INFO  no build target found for /home/mohammad/Downloads/Telegram Desktop/cleanup-service/src/main/scala/models/Models.scala. Using presentation compiler with project's scala-library version: 3.3.3
2024.08.22 13:23:05 INFO  no build target found for /home/mohammad/Downloads/Telegram Desktop/cleanup-service/src/main/scala/models/Models.scala. Using presentation compiler with project's scala-library version: 3.3.3
2024.08.22 13:23:05 INFO  no build target found for /home/mohammad/Downloads/Telegram Desktop/cleanup-service/src/main/scala/models/Models.scala. Using presentation compiler with project's scala-library version: 3.3.3
Aug 22, 2024 1:24:08 PM scala.meta.internal.pc.CompilerAccess handleError
SEVERE: A severe compiler error occurred, full details of the error can be found in the error report /home/mohammad/Downloads/Telegram Desktop/cleanup-service/.metals/.reports/metals-full/2024-08-22/r_compiler-error_13-24-08-042.md
Aug 22, 2024 1:24:21 PM org.eclipse.lsp4j.jsonrpc.RemoteEndpoint fallbackResponseError
SEVERE: Internal error: Java heap space
java.lang.OutOfMemoryError: Java heap space
	at java.base/java.util.Arrays.copyOf(Arrays.java:3482)
	at java.base/java.util.ArrayList.grow(ArrayList.java:237)
	at java.base/java.util.ArrayList.grow(ArrayList.java:244)
	at java.base/java.util.ArrayList.add(ArrayList.java:483)
	at java.base/java.util.ArrayList.add(ArrayList.java:496)
	at scala.meta.internal.tokenizers.ScalametaTokenizer.pushToken$1(ScalametaTokenizer.scala:24)
	at scala.meta.internal.tokenizers.ScalametaTokenizer.emitToken$1(ScalametaTokenizer.scala:146)
	at scala.meta.internal.tokenizers.ScalametaTokenizer.loop$1(ScalametaTokenizer.scala:152)
	at scala.meta.internal.tokenizers.ScalametaTokenizer.uncachedTokenize(ScalametaTokenizer.scala:162)
	at scala.meta.internal.tokenizers.ScalametaTokenizer.$anonfun$tokenize$1(ScalametaTokenizer.scala:16)
	at scala.meta.internal.tokenizers.ScalametaTokenizer$$Lambda/0x00007aea64532178.apply(Unknown Source)
	at scala.collection.concurrent.TrieMap.getOrElseUpdate(TrieMap.scala:960)
	at scala.meta.internal.tokenizers.ScalametaTokenizer.tokenize(ScalametaTokenizer.scala:16)
	at scala.meta.internal.tokenizers.ScalametaTokenizer$$anon$1.apply(ScalametaTokenizer.scala:313)
	at scala.meta.tokenizers.Api$XtensionTokenizeDialectInput.tokenize(Api.scala:22)
	at scala.meta.internal.metals.codeactions.StringActions.$anonfun$contribute$1(StringActions.scala:36)
	at scala.meta.internal.metals.codeactions.StringActions$$Lambda/0x00007aea64634488.apply(Unknown Source)
	at scala.Option.flatMap(Option.scala:283)
	at scala.meta.internal.metals.codeactions.StringActions.contribute(StringActions.scala:35)
	at scala.meta.internal.metals.codeactions.CodeActionProvider$$anonfun$1.applyOrElse(CodeActionProvider.scala:79)
	at scala.meta.internal.metals.codeactions.CodeActionProvider$$anonfun$1.applyOrElse(CodeActionProvider.scala:77)
	at scala.collection.immutable.List.collect(List.scala:276)
	at scala.meta.internal.metals.codeactions.CodeActionProvider.codeActions(CodeActionProvider.scala:77)
	at scala.meta.internal.metals.MetalsLspService.$anonfun$codeAction$1(MetalsLspService.scala:1213)
	at scala.meta.internal.metals.MetalsLspService$$Lambda/0x00007aea64627710.apply(Unknown Source)
	at scala.meta.internal.metals.CancelTokens$.future(CancelTokens.scala:38)
	at scala.meta.internal.metals.MetalsLspService.codeAction(MetalsLspService.scala:1212)
	at scala.meta.internal.metals.WorkspaceLspService.codeAction(WorkspaceLspService.scala:525)
	at scala.meta.metals.lsp.DelegatingScalaService.codeAction(DelegatingScalaService.scala:146)
	at java.base/java.lang.invoke.LambdaForm$DMH/0x00007aea641c8c00.invokeInterface(LambdaForm$DMH)
	at java.base/java.lang.invoke.LambdaForm$MH/0x00007aea643b4400.invoke(LambdaForm$MH)
	at java.base/java.lang.invoke.Invokers$Holder.invokeExact_MT(Invokers$Holder)

